current directory: /home/admin/projects/ruby_learn/submit/sinatra_fjrod/vendor/bundle/ruby/3.3.0/gems/better_html-2.1.1/ext/better_html_ext
/home/admin/.rbenv/versions/3.3.7/bin/ruby extconf.rb
creating Makefile

current directory: /home/admin/projects/ruby_learn/submit/sinatra_fjrod/vendor/bundle/ruby/3.3.0/gems/better_html-2.1.1/ext/better_html_ext
make DESTDIR\= sitearchdir\=./.gem.20250514-7342-lf7ww0 sitelibdir\=./.gem.20250514-7342-lf7ww0 clean

current directory: /home/admin/projects/ruby_learn/submit/sinatra_fjrod/vendor/bundle/ruby/3.3.0/gems/better_html-2.1.1/ext/better_html_ext
make DESTDIR\= sitearchdir\=./.gem.20250514-7342-lf7ww0 sitelibdir\=./.gem.20250514-7342-lf7ww0
compiling html_tokenizer.c
compiling parser.c
parser.c: In function ‘parser_document_append’:
parser.c:499:9: warning: unused variable ‘old’ [-Wunused-variable]
  499 |   void *old = parser->doc.data;
      |         ^~~
At top level:
cc1: note: unrecognized command-line option ‘-Wno-self-assign’ may have been intended to silence earlier diagnostics
cc1: note: unrecognized command-line option ‘-Wno-parentheses-equality’ may have been intended to silence earlier diagnostics
cc1: note: unrecognized command-line option ‘-Wno-constant-logical-operand’ may have been intended to silence earlier diagnostics
compiling tokenizer.c
tokenizer.c: In function ‘scan_tag_name’:
tokenizer.c:467:9: warning: variable ‘old’ set but not used [-Wunused-but-set-variable]
  467 |   void *old;
      |         ^~~
tokenizer.c: In function ‘tokenizer_set_scan_string’:
tokenizer.c:669:15: warning: unused variable ‘old’ [-Wunused-variable]
  669 |   const char *old = tk->scan.string;
      |               ^~~
At top level:
cc1: note: unrecognized command-line option ‘-Wno-self-assign’ may have been intended to silence earlier diagnostics
cc1: note: unrecognized command-line option ‘-Wno-parentheses-equality’ may have been intended to silence earlier diagnostics
cc1: note: unrecognized command-line option ‘-Wno-constant-logical-operand’ may have been intended to silence earlier diagnostics
linking shared-object better_html_ext.so

current directory: /home/admin/projects/ruby_learn/submit/sinatra_fjrod/vendor/bundle/ruby/3.3.0/gems/better_html-2.1.1/ext/better_html_ext
make DESTDIR\= sitearchdir\=./.gem.20250514-7342-lf7ww0 sitelibdir\=./.gem.20250514-7342-lf7ww0 install
/usr/bin/install -c -m 0755 better_html_ext.so ./.gem.20250514-7342-lf7ww0

current directory: /home/admin/projects/ruby_learn/submit/sinatra_fjrod/vendor/bundle/ruby/3.3.0/gems/better_html-2.1.1/ext/better_html_ext
make DESTDIR\= sitearchdir\=./.gem.20250514-7342-lf7ww0 sitelibdir\=./.gem.20250514-7342-lf7ww0 clean
